 gcc -g p3original.c
 gdb a.out
GNU gdb (Ubuntu 8.1.1-0ubuntu1) 8.1.1
Copyright (C) 2018 Free Software Foundation, Inc.
License GPLv3+: GNU GPL version 3 or later <http://gnu.org/licenses/gpl.html>
This is free software: you are free to change and redistribute it.
There is NO WARRANTY, to the extent permitted by law.  Type "show copying"
and "show warranty" for details.
This GDB was configured as "x86_64-linux-gnu".
Type "show configuration" for configuration details.
For bug reporting instructions, please see:
<http://www.gnu.org/software/gdb/bugs/>.
Find the GDB manual and other documentation resources online at:
<http://www.gnu.org/software/gdb/documentation/>.
For help, type "help".
Type "apropos word" to search for commands related to "word"...
Reading symbols from a.out...done.
(gdb) b main
Breakpoint 1 at 0x7d3: file p3original.c, line 29.
(gdb) r
Starting program: /home/runner/pps-IA1-practice/a.out 
warning: Error disabling address space randomization: Operation not permitted

Breakpoint 1, main () at p3original.c:29
29    a=input();
(gdb) s
input () at p3original.c:4
4   {
(gdb) n
6     printf("Enter the value of n: ");
(gdb) n
7     scanf("%d",&n);
(gdb) n
Enter the value of n: 6
8     return n;
(gdb) p n
$1 = 6
(gdb) n
9   }
(gdb) n
main () at p3original.c:30
30    sum=res(a);
(gdb) s
res (n=6) at p3original.c:13
13    int i,res=0;
(gdb) n
14    for(i=1;i<=n;i++)
(gdb) n
16      res=res+i;
(gdb) n
14    for(i=1;i<=n;i++)
(gdb) p i
$2 = 1
(gdb) p res
$3 = 1
(gdb) p n
$4 = 6
(gdb) n
16      res=res+i;
(gdb) p i
$5 = 2
(gdb) p res
$6 = 1
(gdb) n
14    for(i=1;i<=n;i++)
(gdb) p res
$7 = 3
(gdb) finish
Run till exit from #0  res (n=6) at p3original.c:14
0x000055bb7a8007ea in main () at p3original.c:30
30    sum=res(a);
Value returned is $8 = 21
(gdb) n
31    output(a,sum);
(gdb) n
Sum of all numbers till 6 is: 21
32    return 0;
(gdb) c
Continuing.
[Inferior 1 (process 58) exited normally]
(gdb) 